// Jest Snapshot v1, https://goo.gl/fbAQLP

exports[`CustomersList Ecosystem should render the customers list page 1`] = `
<indexstyles__Main
  empty={false}
  loading={true}
>
  <Apollo(CustomersList)
    onLoadFinished={[Function]}
    onSelect={[Function]}
    selectedCustomers={Array []}
  />
</indexstyles__Main>
`;
