// Jest Snapshot v1, https://goo.gl/fbAQLP

exports[`ImageWithFallback Styles should render correctly 1`] = `
<div
  className="ImageWithFallbackstyles__Wrapper-kVaXrS cxoRrX"
  height="10px"
  width="10px"
/>
`;
