// Jest Snapshot v1, https://goo.gl/fbAQLP

exports[`OrderAddButton should render a floating button with add order icon 1`] = `
<CustomFloatingActionButton
  iconWrapper={[Function]}
>
  <Icon
    file="ico_add_box"
  />
</CustomFloatingActionButton>
`;
