// Jest Snapshot v1, https://goo.gl/fbAQLP

exports[`flattenMessages should flatten an hash of messages 1`] = `
Object {
  "en-US.orderCycle": "Cycle",
  "en-US.orderNumber": "Order number",
  "pt-BR.orderCycle": "Ciclo",
  "pt-BR.orderNumber": "NÃºmero do pedido",
}
`;
