// Jest Snapshot v1, https://goo.gl/fbAQLP

exports[`Cycle concept should render the concept label with the correctly props 1`] = `
<CycleConceptstyles__CycleConceptWrapper>
  <Tooltip
    animateFill={true}
    animation="shift"
    arrow={false}
    arrowSize="regular"
    className="Tooltip"
    delay={0}
    disabled={false}
    distance={10}
    duration={375}
    followCursor={false}
    hideDelay={0}
    hideDuration={375}
    hideOnClick={true}
    html={
      <CycleConceptstyles__ConceptTooltipWrapper>
        <CycleConceptstyles__CycleConceptValue
          concept="Excede"
          size="normal"
        />
         
        Excede
      </CycleConceptstyles__ConceptTooltipWrapper>
    }
    inertia={false}
    interactive={false}
    interactiveBorder={2}
    multiple={false}
    offset={0}
    onHidden={[Function]}
    onHide={[Function]}
    onRequestClose={[Function]}
    onShow={[Function]}
    onShown={[Function]}
    popperOptions={Object {}}
    position="bottom"
    size="regular"
    sticky={false}
    stickyDuration={200}
    style={Object {}}
    theme="light"
    touchHold={false}
    trigger="mouseenter focus"
    unmountHTMLWhenHide={false}
  >
    <CycleConceptstyles__CycleConceptValue
      concept="Excede"
      size="normal"
    />
  </Tooltip>
</CycleConceptstyles__CycleConceptWrapper>
`;
