// Jest Snapshot v1, https://goo.gl/fbAQLP

exports[`CourseViewQuery should be the correct query 1`] = `
Object {
  "definitions": Array [
    Object {
      "directives": Array [],
      "kind": "OperationDefinition",
      "name": Object {
        "kind": "Name",
        "value": "CourseViewQuery",
      },
      "operation": "query",
      "selectionSet": Object {
        "kind": "SelectionSet",
        "selections": Array [
          Object {
            "alias": null,
            "arguments": Array [
              Object {
                "kind": "Argument",
                "name": Object {
                  "kind": "Name",
                  "value": "sellerId",
                },
                "value": Object {
                  "kind": "Variable",
                  "name": Object {
                    "kind": "Name",
                    "value": "sellerId",
                  },
                },
              },
              Object {
                "kind": "Argument",
                "name": Object {
                  "kind": "Name",
                  "value": "courseId",
                },
                "value": Object {
                  "kind": "Variable",
                  "name": Object {
                    "kind": "Name",
                    "value": "courseId",
                  },
                },
              },
              Object {
                "kind": "Argument",
                "name": Object {
                  "kind": "Name",
                  "value": "ciclo",
                },
                "value": Object {
                  "kind": "Variable",
                  "name": Object {
                    "kind": "Name",
                    "value": "ciclo",
                  },
                },
              },
              Object {
                "kind": "Argument",
                "name": Object {
                  "kind": "Name",
                  "value": "setor",
                },
                "value": Object {
                  "kind": "Variable",
                  "name": Object {
                    "kind": "Name",
                    "value": "setor",
                  },
                },
              },
              Object {
                "kind": "Argument",
                "name": Object {
                  "kind": "Name",
                  "value": "gerenciaMercado",
                },
                "value": Object {
                  "kind": "Variable",
                  "name": Object {
                    "kind": "Name",
                    "value": "gerenciaMercado",
                  },
                },
              },
              Object {
                "kind": "Argument",
                "name": Object {
                  "kind": "Name",
                  "value": "grupo",
                },
                "value": Object {
                  "kind": "Variable",
                  "name": Object {
                    "kind": "Name",
                    "value": "grupo",
                  },
                },
              },
              Object {
                "kind": "Argument",
                "name": Object {
                  "kind": "Name",
                  "value": "papelDaConsultora",
                },
                "value": Object {
                  "kind": "Variable",
                  "name": Object {
                    "kind": "Name",
                    "value": "papelDaConsultora",
                  },
                },
              },
              Object {
                "kind": "Argument",
                "name": Object {
                  "kind": "Name",
                  "value": "canal",
                },
                "value": Object {
                  "kind": "Variable",
                  "name": Object {
                    "kind": "Name",
                    "value": "canal",
                  },
                },
              },
              Object {
                "kind": "Argument",
                "name": Object {
                  "kind": "Name",
                  "value": "gerenciaDeVendas",
                },
                "value": Object {
                  "kind": "Variable",
                  "name": Object {
                    "kind": "Name",
                    "value": "gerenciaDeVendas",
                  },
                },
              },
              Object {
                "kind": "Argument",
                "name": Object {
                  "kind": "Name",
                  "value": "regiao",
                },
                "value": Object {
                  "kind": "Variable",
                  "name": Object {
                    "kind": "Name",
                    "value": "regiao",
                  },
                },
              },
            ],
            "directives": Array [],
            "kind": "Field",
            "name": Object {
              "kind": "Name",
              "value": "course",
            },
            "selectionSet": Object {
              "kind": "SelectionSet",
              "selections": Array [
                Object {
                  "alias": null,
                  "arguments": Array [],
                  "directives": Array [],
                  "kind": "Field",
                  "name": Object {
                    "kind": "Name",
                    "value": "id",
                  },
                  "selectionSet": null,
                },
                Object {
                  "alias": null,
                  "arguments": Array [],
                  "directives": Array [],
                  "kind": "Field",
                  "name": Object {
                    "kind": "Name",
                    "value": "accessToken",
                  },
                  "selectionSet": null,
                },
                Object {
                  "alias": null,
                  "arguments": Array [],
                  "directives": Array [],
                  "kind": "Field",
                  "name": Object {
                    "kind": "Name",
                    "value": "categoryTitle",
                  },
                  "selectionSet": null,
                },
                Object {
                  "alias": null,
                  "arguments": Array [],
                  "directives": Array [],
                  "kind": "Field",
                  "name": Object {
                    "kind": "Name",
                    "value": "clientIdentifier",
                  },
                  "selectionSet": null,
                },
                Object {
                  "alias": null,
                  "arguments": Array [],
                  "directives": Array [],
                  "kind": "Field",
                  "name": Object {
                    "kind": "Name",
                    "value": "clientSecrets",
                  },
                  "selectionSet": null,
                },
                Object {
                  "alias": null,
                  "arguments": Array [],
                  "directives": Array [],
                  "kind": "Field",
                  "name": Object {
                    "kind": "Name",
                    "value": "courseContent",
                  },
                  "selectionSet": Object {
                    "kind": "SelectionSet",
                    "selections": Array [
                      Object {
                        "alias": null,
                        "arguments": Array [],
                        "directives": Array [],
                        "kind": "Field",
                        "name": Object {
                          "kind": "Name",
                          "value": "video",
                        },
                        "selectionSet": null,
                      },
                      Object {
                        "alias": null,
                        "arguments": Array [],
                        "directives": Array [],
                        "kind": "Field",
                        "name": Object {
                          "kind": "Name",
                          "value": "html5",
                        },
                        "selectionSet": null,
                      },
                      Object {
                        "alias": null,
                        "arguments": Array [],
                        "directives": Array [],
                        "kind": "Field",
                        "name": Object {
                          "kind": "Name",
                          "value": "web",
                        },
                        "selectionSet": null,
                      },
                      Object {
                        "alias": null,
                        "arguments": Array [],
                        "directives": Array [],
                        "kind": "Field",
                        "name": Object {
                          "kind": "Name",
                          "value": "videoEmbedUrl",
                        },
                        "selectionSet": null,
                      },
                    ],
                  },
                },
                Object {
                  "alias": null,
                  "arguments": Array [],
                  "directives": Array [],
                  "kind": "Field",
                  "name": Object {
                    "kind": "Name",
                    "value": "dateUpload",
                  },
                  "selectionSet": null,
                },
                Object {
                  "alias": null,
                  "arguments": Array [],
                  "directives": Array [],
                  "kind": "Field",
                  "name": Object {
                    "kind": "Name",
                    "value": "durationInSeconds",
                  },
                  "selectionSet": null,
                },
                Object {
                  "alias": null,
                  "arguments": Array [],
                  "directives": Array [],
                  "kind": "Field",
                  "name": Object {
                    "kind": "Name",
                    "value": "description",
                  },
                  "selectionSet": null,
                },
                Object {
                  "alias": null,
                  "arguments": Array [],
                  "directives": Array [],
                  "kind": "Field",
                  "name": Object {
                    "kind": "Name",
                    "value": "generalRating",
                  },
                  "selectionSet": null,
                },
                Object {
                  "alias": null,
                  "arguments": Array [],
                  "directives": Array [],
                  "kind": "Field",
                  "name": Object {
                    "kind": "Name",
                    "value": "isfavorite",
                  },
                  "selectionSet": null,
                },
                Object {
                  "alias": null,
                  "arguments": Array [],
                  "directives": Array [],
                  "kind": "Field",
                  "name": Object {
                    "kind": "Name",
                    "value": "myRating",
                  },
                  "selectionSet": null,
                },
                Object {
                  "alias": null,
                  "arguments": Array [],
                  "directives": Array [],
                  "kind": "Field",
                  "name": Object {
                    "kind": "Name",
                    "value": "ratedByYou",
                  },
                  "selectionSet": null,
                },
                Object {
                  "alias": null,
                  "arguments": Array [],
                  "directives": Array [],
                  "kind": "Field",
                  "name": Object {
                    "kind": "Name",
                    "value": "relatedCourses",
                  },
                  "selectionSet": Object {
                    "kind": "SelectionSet",
                    "selections": Array [
                      Object {
                        "alias": null,
                        "arguments": Array [],
                        "directives": Array [],
                        "kind": "Field",
                        "name": Object {
                          "kind": "Name",
                          "value": "id",
                        },
                        "selectionSet": null,
                      },
                      Object {
                        "alias": null,
                        "arguments": Array [],
                        "directives": Array [],
                        "kind": "Field",
                        "name": Object {
                          "kind": "Name",
                          "value": "title",
                        },
                        "selectionSet": null,
                      },
                      Object {
                        "alias": null,
                        "arguments": Array [],
                        "directives": Array [],
                        "kind": "Field",
                        "name": Object {
                          "kind": "Name",
                          "value": "thumbnail",
                        },
                        "selectionSet": null,
                      },
                      Object {
                        "alias": null,
                        "arguments": Array [],
                        "directives": Array [],
                        "kind": "Field",
                        "name": Object {
                          "kind": "Name",
                          "value": "type",
                        },
                        "selectionSet": null,
                      },
                      Object {
                        "alias": null,
                        "arguments": Array [],
                        "directives": Array [],
                        "kind": "Field",
                        "name": Object {
                          "kind": "Name",
                          "value": "url",
                        },
                        "selectionSet": null,
                      },
                    ],
                  },
                },
                Object {
                  "alias": null,
                  "arguments": Array [],
                  "directives": Array [],
                  "kind": "Field",
                  "name": Object {
                    "kind": "Name",
                    "value": "status",
                  },
                  "selectionSet": null,
                },
                Object {
                  "alias": null,
                  "arguments": Array [],
                  "directives": Array [],
                  "kind": "Field",
                  "name": Object {
                    "kind": "Name",
                    "value": "stoppedAt",
                  },
                  "selectionSet": null,
                },
                Object {
                  "alias": null,
                  "arguments": Array [],
                  "directives": Array [],
                  "kind": "Field",
                  "name": Object {
                    "kind": "Name",
                    "value": "thumbnail",
                  },
                  "selectionSet": null,
                },
                Object {
                  "alias": null,
                  "arguments": Array [],
                  "directives": Array [],
                  "kind": "Field",
                  "name": Object {
                    "kind": "Name",
                    "value": "title",
                  },
                  "selectionSet": null,
                },
                Object {
                  "alias": null,
                  "arguments": Array [],
                  "directives": Array [],
                  "kind": "Field",
                  "name": Object {
                    "kind": "Name",
                    "value": "type",
                  },
                  "selectionSet": null,
                },
                Object {
                  "alias": null,
                  "arguments": Array [],
                  "directives": Array [],
                  "kind": "Field",
                  "name": Object {
                    "kind": "Name",
                    "value": "views",
                  },
                  "selectionSet": null,
                },
              ],
            },
          },
        ],
      },
      "variableDefinitions": Array [
        Object {
          "defaultValue": null,
          "kind": "VariableDefinition",
          "type": Object {
            "kind": "NonNullType",
            "type": Object {
              "kind": "NamedType",
              "name": Object {
                "kind": "Name",
                "value": "Int",
              },
            },
          },
          "variable": Object {
            "kind": "Variable",
            "name": Object {
              "kind": "Name",
              "value": "sellerId",
            },
          },
        },
        Object {
          "defaultValue": null,
          "kind": "VariableDefinition",
          "type": Object {
            "kind": "NonNullType",
            "type": Object {
              "kind": "NamedType",
              "name": Object {
                "kind": "Name",
                "value": "Int",
              },
            },
          },
          "variable": Object {
            "kind": "Variable",
            "name": Object {
              "kind": "Name",
              "value": "courseId",
            },
          },
        },
        Object {
          "defaultValue": null,
          "kind": "VariableDefinition",
          "type": Object {
            "kind": "NamedType",
            "name": Object {
              "kind": "Name",
              "value": "Int",
            },
          },
          "variable": Object {
            "kind": "Variable",
            "name": Object {
              "kind": "Name",
              "value": "ciclo",
            },
          },
        },
        Object {
          "defaultValue": null,
          "kind": "VariableDefinition",
          "type": Object {
            "kind": "NamedType",
            "name": Object {
              "kind": "Name",
              "value": "Int",
            },
          },
          "variable": Object {
            "kind": "Variable",
            "name": Object {
              "kind": "Name",
              "value": "setor",
            },
          },
        },
        Object {
          "defaultValue": null,
          "kind": "VariableDefinition",
          "type": Object {
            "kind": "NamedType",
            "name": Object {
              "kind": "Name",
              "value": "Int",
            },
          },
          "variable": Object {
            "kind": "Variable",
            "name": Object {
              "kind": "Name",
              "value": "gerenciaMercado",
            },
          },
        },
        Object {
          "defaultValue": null,
          "kind": "VariableDefinition",
          "type": Object {
            "kind": "NamedType",
            "name": Object {
              "kind": "Name",
              "value": "Int",
            },
          },
          "variable": Object {
            "kind": "Variable",
            "name": Object {
              "kind": "Name",
              "value": "grupo",
            },
          },
        },
        Object {
          "defaultValue": null,
          "kind": "VariableDefinition",
          "type": Object {
            "kind": "NamedType",
            "name": Object {
              "kind": "Name",
              "value": "Int",
            },
          },
          "variable": Object {
            "kind": "Variable",
            "name": Object {
              "kind": "Name",
              "value": "papelDaConsultora",
            },
          },
        },
        Object {
          "defaultValue": null,
          "kind": "VariableDefinition",
          "type": Object {
            "kind": "NamedType",
            "name": Object {
              "kind": "Name",
              "value": "Int",
            },
          },
          "variable": Object {
            "kind": "Variable",
            "name": Object {
              "kind": "Name",
              "value": "canal",
            },
          },
        },
        Object {
          "defaultValue": null,
          "kind": "VariableDefinition",
          "type": Object {
            "kind": "NamedType",
            "name": Object {
              "kind": "Name",
              "value": "Int",
            },
          },
          "variable": Object {
            "kind": "Variable",
            "name": Object {
              "kind": "Name",
              "value": "gerenciaDeVendas",
            },
          },
        },
        Object {
          "defaultValue": null,
          "kind": "VariableDefinition",
          "type": Object {
            "kind": "NamedType",
            "name": Object {
              "kind": "Name",
              "value": "Int",
            },
          },
          "variable": Object {
            "kind": "Variable",
            "name": Object {
              "kind": "Name",
              "value": "regiao",
            },
          },
        },
      ],
    },
  ],
  "kind": "Document",
  "loc": Object {
    "end": 1033,
    "start": 0,
  },
}
`;

exports[`CourseViewQuery should be the correct query props 1`] = `
Object {
  "course": Object {},
  "data": Object {
    "course": Object {},
    "loading": true,
    "refetch": [Function],
  },
  "loading": true,
  "refetch": [Function],
}
`;
