// Jest Snapshot v1, https://goo.gl/fbAQLP

exports[`FindCustomerQuery should be the correct query 1`] = `
Object {
  "definitions": Array [
    Object {
      "directives": Array [],
      "kind": "OperationDefinition",
      "name": Object {
        "kind": "Name",
        "value": "FindCustomerQuery",
      },
      "operation": "query",
      "selectionSet": Object {
        "kind": "SelectionSet",
        "selections": Array [
          Object {
            "alias": null,
            "arguments": Array [
              Object {
                "kind": "Argument",
                "name": Object {
                  "kind": "Name",
                  "value": "customerId",
                },
                "value": Object {
                  "kind": "Variable",
                  "name": Object {
                    "kind": "Name",
                    "value": "customerId",
                  },
                },
              },
            ],
            "directives": Array [],
            "kind": "Field",
            "name": Object {
              "kind": "Name",
              "value": "customer",
            },
            "selectionSet": Object {
              "kind": "SelectionSet",
              "selections": Array [
                Object {
                  "alias": null,
                  "arguments": Array [],
                  "directives": Array [],
                  "kind": "Field",
                  "name": Object {
                    "kind": "Name",
                    "value": "id",
                  },
                  "selectionSet": null,
                },
                Object {
                  "alias": null,
                  "arguments": Array [],
                  "directives": Array [],
                  "kind": "Field",
                  "name": Object {
                    "kind": "Name",
                    "value": "nickname",
                  },
                  "selectionSet": null,
                },
                Object {
                  "alias": null,
                  "arguments": Array [],
                  "directives": Array [],
                  "kind": "Field",
                  "name": Object {
                    "kind": "Name",
                    "value": "name",
                  },
                  "selectionSet": null,
                },
                Object {
                  "alias": null,
                  "arguments": Array [],
                  "directives": Array [],
                  "kind": "Field",
                  "name": Object {
                    "kind": "Name",
                    "value": "gender",
                  },
                  "selectionSet": null,
                },
                Object {
                  "alias": null,
                  "arguments": Array [],
                  "directives": Array [],
                  "kind": "Field",
                  "name": Object {
                    "kind": "Name",
                    "value": "comment",
                  },
                  "selectionSet": null,
                },
                Object {
                  "alias": null,
                  "arguments": Array [],
                  "directives": Array [],
                  "kind": "Field",
                  "name": Object {
                    "kind": "Name",
                    "value": "birthday",
                  },
                  "selectionSet": null,
                },
                Object {
                  "alias": null,
                  "arguments": Array [],
                  "directives": Array [],
                  "kind": "Field",
                  "name": Object {
                    "kind": "Name",
                    "value": "emails",
                  },
                  "selectionSet": Object {
                    "kind": "SelectionSet",
                    "selections": Array [
                      Object {
                        "alias": null,
                        "arguments": Array [],
                        "directives": Array [],
                        "kind": "Field",
                        "name": Object {
                          "kind": "Name",
                          "value": "email",
                        },
                        "selectionSet": null,
                      },
                    ],
                  },
                },
                Object {
                  "alias": null,
                  "arguments": Array [],
                  "directives": Array [],
                  "kind": "Field",
                  "name": Object {
                    "kind": "Name",
                    "value": "phones",
                  },
                  "selectionSet": Object {
                    "kind": "SelectionSet",
                    "selections": Array [
                      Object {
                        "alias": null,
                        "arguments": Array [],
                        "directives": Array [],
                        "kind": "Field",
                        "name": Object {
                          "kind": "Name",
                          "value": "phone",
                        },
                        "selectionSet": null,
                      },
                      Object {
                        "alias": null,
                        "arguments": Array [],
                        "directives": Array [],
                        "kind": "Field",
                        "name": Object {
                          "kind": "Name",
                          "value": "provider",
                        },
                        "selectionSet": null,
                      },
                    ],
                  },
                },
                Object {
                  "alias": null,
                  "arguments": Array [],
                  "directives": Array [],
                  "kind": "Field",
                  "name": Object {
                    "kind": "Name",
                    "value": "addresses",
                  },
                  "selectionSet": Object {
                    "kind": "SelectionSet",
                    "selections": Array [
                      Object {
                        "alias": null,
                        "arguments": Array [],
                        "directives": Array [],
                        "kind": "Field",
                        "name": Object {
                          "kind": "Name",
                          "value": "additional_address",
                        },
                        "selectionSet": null,
                      },
                      Object {
                        "alias": null,
                        "arguments": Array [],
                        "directives": Array [],
                        "kind": "Field",
                        "name": Object {
                          "kind": "Name",
                          "value": "city",
                        },
                        "selectionSet": null,
                      },
                      Object {
                        "alias": null,
                        "arguments": Array [],
                        "directives": Array [],
                        "kind": "Field",
                        "name": Object {
                          "kind": "Name",
                          "value": "neighborhood",
                        },
                        "selectionSet": null,
                      },
                      Object {
                        "alias": null,
                        "arguments": Array [],
                        "directives": Array [],
                        "kind": "Field",
                        "name": Object {
                          "kind": "Name",
                          "value": "street_name",
                        },
                        "selectionSet": null,
                      },
                      Object {
                        "alias": null,
                        "arguments": Array [],
                        "directives": Array [],
                        "kind": "Field",
                        "name": Object {
                          "kind": "Name",
                          "value": "street_number",
                        },
                        "selectionSet": null,
                      },
                      Object {
                        "alias": null,
                        "arguments": Array [],
                        "directives": Array [],
                        "kind": "Field",
                        "name": Object {
                          "kind": "Name",
                          "value": "state",
                        },
                        "selectionSet": null,
                      },
                      Object {
                        "alias": null,
                        "arguments": Array [],
                        "directives": Array [],
                        "kind": "Field",
                        "name": Object {
                          "kind": "Name",
                          "value": "zipcode",
                        },
                        "selectionSet": null,
                      },
                    ],
                  },
                },
              ],
            },
          },
        ],
      },
      "variableDefinitions": Array [
        Object {
          "defaultValue": null,
          "kind": "VariableDefinition",
          "type": Object {
            "kind": "NonNullType",
            "type": Object {
              "kind": "NamedType",
              "name": Object {
                "kind": "Name",
                "value": "Int",
              },
            },
          },
          "variable": Object {
            "kind": "Variable",
            "name": Object {
              "kind": "Name",
              "value": "customerId",
            },
          },
        },
      ],
    },
  ],
  "kind": "Document",
  "loc": Object {
    "end": 425,
    "start": 0,
  },
}
`;

exports[`UpdateCustomerMutation should be the correct mutation 1`] = `
Object {
  "definitions": Array [
    Object {
      "directives": Array [],
      "kind": "OperationDefinition",
      "name": Object {
        "kind": "Name",
        "value": "UpdateCustomer",
      },
      "operation": "mutation",
      "selectionSet": Object {
        "kind": "SelectionSet",
        "selections": Array [
          Object {
            "alias": null,
            "arguments": Array [
              Object {
                "kind": "Argument",
                "name": Object {
                  "kind": "Name",
                  "value": "input",
                },
                "value": Object {
                  "kind": "Variable",
                  "name": Object {
                    "kind": "Name",
                    "value": "input",
                  },
                },
              },
            ],
            "directives": Array [],
            "kind": "Field",
            "name": Object {
              "kind": "Name",
              "value": "updateCustomer",
            },
            "selectionSet": Object {
              "kind": "SelectionSet",
              "selections": Array [
                Object {
                  "alias": null,
                  "arguments": Array [],
                  "directives": Array [],
                  "kind": "Field",
                  "name": Object {
                    "kind": "Name",
                    "value": "customer",
                  },
                  "selectionSet": Object {
                    "kind": "SelectionSet",
                    "selections": Array [
                      Object {
                        "alias": null,
                        "arguments": Array [],
                        "directives": Array [],
                        "kind": "Field",
                        "name": Object {
                          "kind": "Name",
                          "value": "id",
                        },
                        "selectionSet": null,
                      },
                      Object {
                        "alias": null,
                        "arguments": Array [],
                        "directives": Array [],
                        "kind": "Field",
                        "name": Object {
                          "kind": "Name",
                          "value": "name",
                        },
                        "selectionSet": null,
                      },
                      Object {
                        "alias": null,
                        "arguments": Array [],
                        "directives": Array [],
                        "kind": "Field",
                        "name": Object {
                          "kind": "Name",
                          "value": "nickname",
                        },
                        "selectionSet": null,
                      },
                    ],
                  },
                },
              ],
            },
          },
        ],
      },
      "variableDefinitions": Array [
        Object {
          "defaultValue": null,
          "kind": "VariableDefinition",
          "type": Object {
            "kind": "NonNullType",
            "type": Object {
              "kind": "NamedType",
              "name": Object {
                "kind": "Name",
                "value": "UpdateCustomerInput",
              },
            },
          },
          "variable": Object {
            "kind": "Variable",
            "name": Object {
              "kind": "Name",
              "value": "input",
            },
          },
        },
      ],
    },
  ],
  "kind": "Document",
  "loc": Object {
    "end": 171,
    "start": 0,
  },
}
`;
